// Vitest Snapshot v1, https://vitest.dev/guide/snapshot.html

exports[`should render ItemList component 1`] = `
{
  "asFragment": [Function],
  "baseElement": <body>
    <div>
      <div
        class="row g-0 mt-3 justify-content-evenly"
      >
        <div
          class="col-md-2 border border-3 border-primary rounded p-2 shadow bg-light text-center"
        >
          <ul
            class="list-group"
          >
            <li
              class="list-group-item fs-4"
            >
              Title: 
              Item 1
            </li>
            <li
              class="list-group-item fs-4"
            >
              Quantity: 
              0
            </li>
            <li
              class="list-group-item fs-4"
            >
              Marked: 
              false
            </li>
          </ul>
          <div
            class="row justify-content-around mt-3"
          >
            <div
              class="col-md-5"
            >
              <button
                class="btn btn-primary w-100 fs-3"
              >
                +
              </button>
            </div>
            <div
              class="col-md-5"
            >
              <button
                class="btn btn-primary w-100 fs-3"
              >
                -
              </button>
            </div>
          </div>
          <div
            class="row mt-3"
          >
            <div
              class="col-md-12"
            >
              <button
                class="btn btn-primary w-100 fs-3"
              >
                Mark
              </button>
            </div>
          </div>
        </div>
        <div
          class="col-md-2 border border-3 border-primary rounded p-2 shadow bg-light text-center"
        >
          <ul
            class="list-group"
          >
            <li
              class="list-group-item fs-4"
            >
              Title: 
              Item 2
            </li>
            <li
              class="list-group-item fs-4"
            >
              Quantity: 
              0
            </li>
            <li
              class="list-group-item fs-4"
            >
              Marked: 
              false
            </li>
          </ul>
          <div
            class="row justify-content-around mt-3"
          >
            <div
              class="col-md-5"
            >
              <button
                class="btn btn-primary w-100 fs-3"
              >
                +
              </button>
            </div>
            <div
              class="col-md-5"
            >
              <button
                class="btn btn-primary w-100 fs-3"
              >
                -
              </button>
            </div>
          </div>
          <div
            class="row mt-3"
          >
            <div
              class="col-md-12"
            >
              <button
                class="btn btn-primary w-100 fs-3"
              >
                Mark
              </button>
            </div>
          </div>
        </div>
        <div
          class="col-md-2 border border-3 border-primary rounded p-2 shadow bg-light text-center"
        >
          <ul
            class="list-group"
          >
            <li
              class="list-group-item fs-4"
            >
              Title: 
              Item 3
            </li>
            <li
              class="list-group-item fs-4"
            >
              Quantity: 
              0
            </li>
            <li
              class="list-group-item fs-4"
            >
              Marked: 
              false
            </li>
          </ul>
          <div
            class="row justify-content-around mt-3"
          >
            <div
              class="col-md-5"
            >
              <button
                class="btn btn-primary w-100 fs-3"
              >
                +
              </button>
            </div>
            <div
              class="col-md-5"
            >
              <button
                class="btn btn-primary w-100 fs-3"
              >
                -
              </button>
            </div>
          </div>
          <div
            class="row mt-3"
          >
            <div
              class="col-md-12"
            >
              <button
                class="btn btn-primary w-100 fs-3"
              >
                Mark
              </button>
            </div>
          </div>
        </div>
        <div
          class="col-md-2 border border-3 border-primary rounded p-2 shadow bg-light text-center"
        >
          <ul
            class="list-group"
          >
            <li
              class="list-group-item fs-4"
            >
              Title: 
              Item 4
            </li>
            <li
              class="list-group-item fs-4"
            >
              Quantity: 
              0
            </li>
            <li
              class="list-group-item fs-4"
            >
              Marked: 
              false
            </li>
          </ul>
          <div
            class="row justify-content-around mt-3"
          >
            <div
              class="col-md-5"
            >
              <button
                class="btn btn-primary w-100 fs-3"
              >
                +
              </button>
            </div>
            <div
              class="col-md-5"
            >
              <button
                class="btn btn-primary w-100 fs-3"
              >
                -
              </button>
            </div>
          </div>
          <div
            class="row mt-3"
          >
            <div
              class="col-md-12"
            >
              <button
                class="btn btn-primary w-100 fs-3"
              >
                Mark
              </button>
            </div>
          </div>
        </div>
        <div
          class="col-md-2 border border-3 border-primary rounded p-2 shadow bg-light text-center"
        >
          <ul
            class="list-group"
          >
            <li
              class="list-group-item fs-4"
            >
              Title: 
              Item 5
            </li>
            <li
              class="list-group-item fs-4"
            >
              Quantity: 
              0
            </li>
            <li
              class="list-group-item fs-4"
            >
              Marked: 
              false
            </li>
          </ul>
          <div
            class="row justify-content-around mt-3"
          >
            <div
              class="col-md-5"
            >
              <button
                class="btn btn-primary w-100 fs-3"
              >
                +
              </button>
            </div>
            <div
              class="col-md-5"
            >
              <button
                class="btn btn-primary w-100 fs-3"
              >
                -
              </button>
            </div>
          </div>
          <div
            class="row mt-3"
          >
            <div
              class="col-md-12"
            >
              <button
                class="btn btn-primary w-100 fs-3"
              >
                Mark
              </button>
            </div>
          </div>
        </div>
        <div
          class="row g-0 mt-3 justify-content-evenly text-center"
        >
          <div
            class="spinner-border text-primary"
            role="status"
            style="width: 5rem; height: 5rem;"
          >
            <span
              class="visually-hidden"
            >
              Loading...
            </span>
          </div>
        </div>
      </div>
    </div>
  </body>,
  "container": <div>
    <div
      class="row g-0 mt-3 justify-content-evenly"
    >
      <div
        class="col-md-2 border border-3 border-primary rounded p-2 shadow bg-light text-center"
      >
        <ul
          class="list-group"
        >
          <li
            class="list-group-item fs-4"
          >
            Title: 
            Item 1
          </li>
          <li
            class="list-group-item fs-4"
          >
            Quantity: 
            0
          </li>
          <li
            class="list-group-item fs-4"
          >
            Marked: 
            false
          </li>
        </ul>
        <div
          class="row justify-content-around mt-3"
        >
          <div
            class="col-md-5"
          >
            <button
              class="btn btn-primary w-100 fs-3"
            >
              +
            </button>
          </div>
          <div
            class="col-md-5"
          >
            <button
              class="btn btn-primary w-100 fs-3"
            >
              -
            </button>
          </div>
        </div>
        <div
          class="row mt-3"
        >
          <div
            class="col-md-12"
          >
            <button
              class="btn btn-primary w-100 fs-3"
            >
              Mark
            </button>
          </div>
        </div>
      </div>
      <div
        class="col-md-2 border border-3 border-primary rounded p-2 shadow bg-light text-center"
      >
        <ul
          class="list-group"
        >
          <li
            class="list-group-item fs-4"
          >
            Title: 
            Item 2
          </li>
          <li
            class="list-group-item fs-4"
          >
            Quantity: 
            0
          </li>
          <li
            class="list-group-item fs-4"
          >
            Marked: 
            false
          </li>
        </ul>
        <div
          class="row justify-content-around mt-3"
        >
          <div
            class="col-md-5"
          >
            <button
              class="btn btn-primary w-100 fs-3"
            >
              +
            </button>
          </div>
          <div
            class="col-md-5"
          >
            <button
              class="btn btn-primary w-100 fs-3"
            >
              -
            </button>
          </div>
        </div>
        <div
          class="row mt-3"
        >
          <div
            class="col-md-12"
          >
            <button
              class="btn btn-primary w-100 fs-3"
            >
              Mark
            </button>
          </div>
        </div>
      </div>
      <div
        class="col-md-2 border border-3 border-primary rounded p-2 shadow bg-light text-center"
      >
        <ul
          class="list-group"
        >
          <li
            class="list-group-item fs-4"
          >
            Title: 
            Item 3
          </li>
          <li
            class="list-group-item fs-4"
          >
            Quantity: 
            0
          </li>
          <li
            class="list-group-item fs-4"
          >
            Marked: 
            false
          </li>
        </ul>
        <div
          class="row justify-content-around mt-3"
        >
          <div
            class="col-md-5"
          >
            <button
              class="btn btn-primary w-100 fs-3"
            >
              +
            </button>
          </div>
          <div
            class="col-md-5"
          >
            <button
              class="btn btn-primary w-100 fs-3"
            >
              -
            </button>
          </div>
        </div>
        <div
          class="row mt-3"
        >
          <div
            class="col-md-12"
          >
            <button
              class="btn btn-primary w-100 fs-3"
            >
              Mark
            </button>
          </div>
        </div>
      </div>
      <div
        class="col-md-2 border border-3 border-primary rounded p-2 shadow bg-light text-center"
      >
        <ul
          class="list-group"
        >
          <li
            class="list-group-item fs-4"
          >
            Title: 
            Item 4
          </li>
          <li
            class="list-group-item fs-4"
          >
            Quantity: 
            0
          </li>
          <li
            class="list-group-item fs-4"
          >
            Marked: 
            false
          </li>
        </ul>
        <div
          class="row justify-content-around mt-3"
        >
          <div
            class="col-md-5"
          >
            <button
              class="btn btn-primary w-100 fs-3"
            >
              +
            </button>
          </div>
          <div
            class="col-md-5"
          >
            <button
              class="btn btn-primary w-100 fs-3"
            >
              -
            </button>
          </div>
        </div>
        <div
          class="row mt-3"
        >
          <div
            class="col-md-12"
          >
            <button
              class="btn btn-primary w-100 fs-3"
            >
              Mark
            </button>
          </div>
        </div>
      </div>
      <div
        class="col-md-2 border border-3 border-primary rounded p-2 shadow bg-light text-center"
      >
        <ul
          class="list-group"
        >
          <li
            class="list-group-item fs-4"
          >
            Title: 
            Item 5
          </li>
          <li
            class="list-group-item fs-4"
          >
            Quantity: 
            0
          </li>
          <li
            class="list-group-item fs-4"
          >
            Marked: 
            false
          </li>
        </ul>
        <div
          class="row justify-content-around mt-3"
        >
          <div
            class="col-md-5"
          >
            <button
              class="btn btn-primary w-100 fs-3"
            >
              +
            </button>
          </div>
          <div
            class="col-md-5"
          >
            <button
              class="btn btn-primary w-100 fs-3"
            >
              -
            </button>
          </div>
        </div>
        <div
          class="row mt-3"
        >
          <div
            class="col-md-12"
          >
            <button
              class="btn btn-primary w-100 fs-3"
            >
              Mark
            </button>
          </div>
        </div>
      </div>
      <div
        class="row g-0 mt-3 justify-content-evenly text-center"
      >
        <div
          class="spinner-border text-primary"
          role="status"
          style="width: 5rem; height: 5rem;"
        >
          <span
            class="visually-hidden"
          >
            Loading...
          </span>
        </div>
      </div>
    </div>
  </div>,
  "debug": [Function],
  "findAllByAltText": [Function],
  "findAllByDisplayValue": [Function],
  "findAllByLabelText": [Function],
  "findAllByPlaceholderText": [Function],
  "findAllByRole": [Function],
  "findAllByTestId": [Function],
  "findAllByText": [Function],
  "findAllByTitle": [Function],
  "findByAltText": [Function],
  "findByDisplayValue": [Function],
  "findByLabelText": [Function],
  "findByPlaceholderText": [Function],
  "findByRole": [Function],
  "findByTestId": [Function],
  "findByText": [Function],
  "findByTitle": [Function],
  "getAllByAltText": [Function],
  "getAllByDisplayValue": [Function],
  "getAllByLabelText": [Function],
  "getAllByPlaceholderText": [Function],
  "getAllByRole": [Function],
  "getAllByTestId": [Function],
  "getAllByText": [Function],
  "getAllByTitle": [Function],
  "getByAltText": [Function],
  "getByDisplayValue": [Function],
  "getByLabelText": [Function],
  "getByPlaceholderText": [Function],
  "getByRole": [Function],
  "getByTestId": [Function],
  "getByText": [Function],
  "getByTitle": [Function],
  "queryAllByAltText": [Function],
  "queryAllByDisplayValue": [Function],
  "queryAllByLabelText": [Function],
  "queryAllByPlaceholderText": [Function],
  "queryAllByRole": [Function],
  "queryAllByTestId": [Function],
  "queryAllByText": [Function],
  "queryAllByTitle": [Function],
  "queryByAltText": [Function],
  "queryByDisplayValue": [Function],
  "queryByLabelText": [Function],
  "queryByPlaceholderText": [Function],
  "queryByRole": [Function],
  "queryByTestId": [Function],
  "queryByText": [Function],
  "queryByTitle": [Function],
  "rerender": [Function],
  "unmount": [Function],
}
`;
